(function () {
    const anonymous = (function (x, y) {
        42n;
    });
    anonymous.async = (function (x, y) {
        42n;
    });
    return anonymous;
})()