
module.wasm:	file format wasm 0x1

Section Details:

Type[1]:
 - type[0] (i32, i32) -> i32

Code Disassembly:

