
module.wasm:	file format wasm 0x1

Section Details:

Type[1]:
 - type[0] (i32, i32) -> i32
Import[1]:
 - func[0] sig=0 <MODULE.ENTITY> <- MODULE.ENTITY

Code Disassembly:

