
module.wasm:	file format wasm 0x1

Section Details:

Memory[1]:
 - memory[0] pages: initial=1
Export[1]:
 - memory[0] -> "memory"
Data[1]:
 - segment[0] memory=0 size=2 - init i32=44
  - 000002c: 8889                                     ..

Code Disassembly:

