
module.wasm:	file format wasm 0x1

Section Details:

Global[2]:
 - global[0] i32 mutable=1 - init i32=42
 - global[1] i32 mutable=0 - init i32=47

Code Disassembly:

