
module.wasm:	file format wasm 0x1

Section Details:

Type[1]:
 - type[0] (i32) -> nil
Function[1]:
 - func[0] sig=0
Code[1]:
 - func[0] size=4

Code Disassembly:

000027 func[0]:
 000028: 01 7f                      | local[0] type=i32
 00002a: 0b                         | end
