
module.wasm:	file format wasm 0x1

Section Details:


Code Disassembly:

