
module.wasm:	file format wasm 0x1

Section Details:

Type[1]:
 - type[0] () -> nil
Import[1]:
 - func[0] sig=0 <IMPORTED> <- MODULE.ENTITY
Function[2]:
 - func[1] sig=0 <FIRST>
 - func[2] sig=0 <SECOND>
Code[2]:
 - func[1] size=2 <FIRST>
 - func[2] size=2 <SECOND>
Custom:
 - name: "linking"
  - symbol table [count=3]
   - 0: F <IMPORTED> func=0 [ undefined explicit_name binding=global vis=default ]
   - 1: F <FIRST> func=1 [ binding=global vis=default ]
   - 2: F <SECOND> func=2 [ binding=global vis=default ]

Code Disassembly:

00003e func[1] <FIRST>:
 00003f: 0b                         | end
000045 func[2] <SECOND>:
 000046: 0b                         | end
