
module.wasm:	file format wasm 0x1

Section Details:

Custom:
 - name: "linking"
  - symbol table [count=0]

Code Disassembly:

