
module.wasm:	file format wasm 0x1

Section Details:

Type[1]:
 - type[0] () -> nil
Import[1]:
 - func[0] sig=0 <MODULE.ENTITY> <- MODULE.ENTITY
Function[1]:
 - func[1] sig=0
Start:
 - start function: 1
Code[1]:
 - func[1] size=2

Code Disassembly:

000044 func[1]:
 000045: 0b                         | end
